<?xml version="1.0" encoding="UTF-8"?>
<TestRun id="175bdb0f-f7f9-49e6-96fe-0db95d5dd956" name="sdolby15@DL3293 2017-02-06 09:53:01" runUser="DL3293\sdolby15" xmlns="http://microsoft.com/schemas/VisualStudio/TeamTest/2010">
  <TestSettings name="Local" id="56e0698d-10ba-4e00-8f16-8d755282be94">
    <Description>These are default test settings for a local test run.</Description>
    <Deployment enabled="false" runDeploymentRoot="sdolby15_DL3293 2017-02-06 09_53_01">
      <DeploymentItem filename="F:\SimonDolbyA2ProjectPhotoSorter\Unit Tests For Computing Project\ExifWorks.dll" />
    </Deployment>
    <Execution>
      <TestTypeSpecific />
      <AgentRule name="Execution Agents">
      </AgentRule>
    </Execution>
  </TestSettings>
  <Times creation="2017-02-06T09:53:01.3755842+00:00" queuing="2017-02-06T09:53:01.9455842+00:00" start="2017-02-06T09:53:01.9875842+00:00" finish="2017-02-06T09:53:27.7501840+00:00" />
  <ResultSummary outcome="Error">
    <Counters total="10" executed="8" passed="7" error="0" failed="0" timeout="0" aborted="1" inconclusive="0" passedButRunAborted="0" notRunnable="0" notExecuted="2" disconnected="0" warning="0" completed="0" inProgress="0" pending="0" />
    <RunInfos>
      <RunInfo computerName="DL3293" outcome="Error" timestamp="2017-02-06T09:53:27.7481840+00:00">
        <Text>Test host process exited unexpectedly.</Text>
      </RunInfo>
    </RunInfos>
  </ResultSummary>
  <TestDefinitions>
    <UnitTest name="RGBTOBGR" storage="f:\simondolbya2projectphotosorter\unit tests for computing project\unit tests for computing project\bin\debug\unit tests for computing project.dll" id="1916295b-38ad-3f87-2954-8a4b31038470">
      <Execution id="0d21cb3d-0181-4837-88fe-8b0d97d216a3" />
      <TestMethod codeBase="F:/SimonDolbyA2ProjectPhotoSorter/Unit Tests For Computing Project/Unit Tests For Computing Project/bin/Debug/Unit Tests For Computing Project.DLL" adapterTypeName="Microsoft.VisualStudio.TestTools.TestTypes.Unit.UnitTestAdapter, Microsoft.VisualStudio.QualityTools.Tips.UnitTest.Adapter, Version=10.0.0.0, Culture=neutral, PublicKeyToken=b03f5f7f11d50a3a" className="Unit_Tests_For_Computing_Project.ImageManipulation, Unit Tests For Computing Project, Version=1.0.0.0, Culture=neutral, PublicKeyToken=null" name="RGBTOBGR" />
    </UnitTest>
    <UnitTest name="PolaroidColors" storage="f:\simondolbya2projectphotosorter\unit tests for computing project\unit tests for computing project\bin\debug\unit tests for computing project.dll" id="3804649f-757c-e169-2e7f-cc167f0d2d4f">
      <Execution id="fe2d7e8a-89d5-4fc1-8891-afdf077b4541" />
      <TestMethod codeBase="F:/SimonDolbyA2ProjectPhotoSorter/Unit Tests For Computing Project/Unit Tests For Computing Project/bin/Debug/Unit Tests For Computing Project.DLL" adapterTypeName="Microsoft.VisualStudio.TestTools.TestTypes.Unit.UnitTestAdapter, Microsoft.VisualStudio.QualityTools.Tips.UnitTest.Adapter, Version=10.0.0.0, Culture=neutral, PublicKeyToken=b03f5f7f11d50a3a" className="Unit_Tests_For_Computing_Project.ImageManipulation, Unit Tests For Computing Project, Version=1.0.0.0, Culture=neutral, PublicKeyToken=null" name="PolaroidColors" />
    </UnitTest>
    <UnitTest name="BulkAddTags" storage="f:\simondolbya2projectphotosorter\unit tests for computing project\unit tests for computing project\bin\debug\unit tests for computing project.dll" id="956719e8-a5de-f1b4-d6ec-2bdc6cb8a576">
      <Execution id="f1ed8b72-0aff-4e0b-8628-795069a51e09" />
      <TestMethod codeBase="F:/SimonDolbyA2ProjectPhotoSorter/Unit Tests For Computing Project/Unit Tests For Computing Project/bin/Debug/Unit Tests For Computing Project.DLL" adapterTypeName="Microsoft.VisualStudio.TestTools.TestTypes.Unit.UnitTestAdapter, Microsoft.VisualStudio.QualityTools.Tips.UnitTest.Adapter, Version=10.0.0.0, Culture=neutral, PublicKeyToken=b03f5f7f11d50a3a" className="Unit_Tests_For_Computing_Project.MetaDataTests, Unit Tests For Computing Project, Version=1.0.0.0, Culture=neutral, PublicKeyToken=null" name="BulkAddTags" />
    </UnitTest>
    <UnitTest name="ContrastBy50" storage="f:\simondolbya2projectphotosorter\unit tests for computing project\unit tests for computing project\bin\debug\unit tests for computing project.dll" id="e2f6d0b7-2699-7fe5-916f-6cb7a0a49ed2">
      <Execution id="9735c93c-b2c0-4364-be82-1b1475bdb0dc" />
      <TestMethod codeBase="F:/SimonDolbyA2ProjectPhotoSorter/Unit Tests For Computing Project/Unit Tests For Computing Project/bin/Debug/Unit Tests For Computing Project.DLL" adapterTypeName="Microsoft.VisualStudio.TestTools.TestTypes.Unit.UnitTestAdapter, Microsoft.VisualStudio.QualityTools.Tips.UnitTest.Adapter, Version=10.0.0.0, Culture=neutral, PublicKeyToken=b03f5f7f11d50a3a" className="Unit_Tests_For_Computing_Project.ImageManipulation, Unit Tests For Computing Project, Version=1.0.0.0, Culture=neutral, PublicKeyToken=null" name="ContrastBy50" />
    </UnitTest>
    <UnitTest name="BlackAndWhite" storage="f:\simondolbya2projectphotosorter\unit tests for computing project\unit tests for computing project\bin\debug\unit tests for computing project.dll" id="c76b2eda-0781-b8ce-67a0-620b1009c165">
      <Execution id="77b0e88c-77b9-462b-aff1-65c041cc78aa" />
      <TestMethod codeBase="F:/SimonDolbyA2ProjectPhotoSorter/Unit Tests For Computing Project/Unit Tests For Computing Project/bin/Debug/Unit Tests For Computing Project.DLL" adapterTypeName="Microsoft.VisualStudio.TestTools.TestTypes.Unit.UnitTestAdapter, Microsoft.VisualStudio.QualityTools.Tips.UnitTest.Adapter, Version=10.0.0.0, Culture=neutral, PublicKeyToken=b03f5f7f11d50a3a" className="Unit_Tests_For_Computing_Project.ImageManipulation, Unit Tests For Computing Project, Version=1.0.0.0, Culture=neutral, PublicKeyToken=null" name="BlackAndWhite" />
    </UnitTest>
    <UnitTest name="BulkSortByDate" storage="f:\simondolbya2projectphotosorter\unit tests for computing project\unit tests for computing project\bin\debug\unit tests for computing project.dll" id="8f386137-e9c7-eb9d-abb3-45fa87475ec6">
      <Execution id="8dfed20b-1017-48b8-927f-36d616bc417e" />
      <TestMethod codeBase="F:/SimonDolbyA2ProjectPhotoSorter/Unit Tests For Computing Project/Unit Tests For Computing Project/bin/Debug/Unit Tests For Computing Project.DLL" adapterTypeName="Microsoft.VisualStudio.TestTools.TestTypes.Unit.UnitTestAdapter, Microsoft.VisualStudio.QualityTools.Tips.UnitTest.Adapter, Version=10.0.0.0, Culture=neutral, PublicKeyToken=b03f5f7f11d50a3a" className="Unit_Tests_For_Computing_Project.MetaDataTests, Unit Tests For Computing Project, Version=1.0.0.0, Culture=neutral, PublicKeyToken=null" name="BulkSortByDate" />
    </UnitTest>
    <UnitTest name="Grayscale" storage="f:\simondolbya2projectphotosorter\unit tests for computing project\unit tests for computing project\bin\debug\unit tests for computing project.dll" id="c4b3e335-4257-e746-ff7a-01f5b1232f49">
      <Execution id="c7a29bd3-a71b-4567-bdeb-8c364b9c0b6c" />
      <TestMethod codeBase="F:/SimonDolbyA2ProjectPhotoSorter/Unit Tests For Computing Project/Unit Tests For Computing Project/bin/Debug/Unit Tests For Computing Project.DLL" adapterTypeName="Microsoft.VisualStudio.TestTools.TestTypes.Unit.UnitTestAdapter, Microsoft.VisualStudio.QualityTools.Tips.UnitTest.Adapter, Version=10.0.0.0, Culture=neutral, PublicKeyToken=b03f5f7f11d50a3a" className="Unit_Tests_For_Computing_Project.ImageManipulation, Unit Tests For Computing Project, Version=1.0.0.0, Culture=neutral, PublicKeyToken=null" name="Grayscale" />
    </UnitTest>
    <UnitTest name="SaturationBy50" storage="f:\simondolbya2projectphotosorter\unit tests for computing project\unit tests for computing project\bin\debug\unit tests for computing project.dll" id="4a425653-2c29-4812-e390-ffd37b7dbb03">
      <Execution id="be424fec-54c3-4cf1-a2f5-20d5b53733ff" />
      <TestMethod codeBase="F:/SimonDolbyA2ProjectPhotoSorter/Unit Tests For Computing Project/Unit Tests For Computing Project/bin/Debug/Unit Tests For Computing Project.DLL" adapterTypeName="Microsoft.VisualStudio.TestTools.TestTypes.Unit.UnitTestAdapter, Microsoft.VisualStudio.QualityTools.Tips.UnitTest.Adapter, Version=10.0.0.0, Culture=neutral, PublicKeyToken=b03f5f7f11d50a3a" className="Unit_Tests_For_Computing_Project.ImageManipulation, Unit Tests For Computing Project, Version=1.0.0.0, Culture=neutral, PublicKeyToken=null" name="SaturationBy50" />
    </UnitTest>
    <UnitTest name="SetSepia" storage="f:\simondolbya2projectphotosorter\unit tests for computing project\unit tests for computing project\bin\debug\unit tests for computing project.dll" id="31ab8f06-f213-a8ee-9894-61340a539892">
      <Execution id="5e5c4adb-5eda-42d1-b1b4-2382ef202f6b" />
      <TestMethod codeBase="F:/SimonDolbyA2ProjectPhotoSorter/Unit Tests For Computing Project/Unit Tests For Computing Project/bin/Debug/Unit Tests For Computing Project.DLL" adapterTypeName="Microsoft.VisualStudio.TestTools.TestTypes.Unit.UnitTestAdapter, Microsoft.VisualStudio.QualityTools.Tips.UnitTest.Adapter, Version=10.0.0.0, Culture=neutral, PublicKeyToken=b03f5f7f11d50a3a" className="Unit_Tests_For_Computing_Project.ImageManipulation, Unit Tests For Computing Project, Version=1.0.0.0, Culture=neutral, PublicKeyToken=null" name="SetSepia" />
    </UnitTest>
    <UnitTest name="InvertColors" storage="f:\simondolbya2projectphotosorter\unit tests for computing project\unit tests for computing project\bin\debug\unit tests for computing project.dll" id="906463fa-1473-b08f-65ba-3e3bcf0a4d56">
      <Execution id="5e7c512e-701d-40e9-b732-c34ee8e9ed29" />
      <TestMethod codeBase="F:/SimonDolbyA2ProjectPhotoSorter/Unit Tests For Computing Project/Unit Tests For Computing Project/bin/Debug/Unit Tests For Computing Project.DLL" adapterTypeName="Microsoft.VisualStudio.TestTools.TestTypes.Unit.UnitTestAdapter, Microsoft.VisualStudio.QualityTools.Tips.UnitTest.Adapter, Version=10.0.0.0, Culture=neutral, PublicKeyToken=b03f5f7f11d50a3a" className="Unit_Tests_For_Computing_Project.ImageManipulation, Unit Tests For Computing Project, Version=1.0.0.0, Culture=neutral, PublicKeyToken=null" name="InvertColors" />
    </UnitTest>
  </TestDefinitions>
  <TestLists>
    <TestList name="Results Not in a List" id="8c84fa94-04c1-424b-9868-57a2d4851a1d" />
    <TestList name="All Loaded Results" id="19431567-8539-422a-85d7-44ee4e166bda" />
  </TestLists>
  <TestEntries>
    <TestEntry testId="31ab8f06-f213-a8ee-9894-61340a539892" executionId="5e5c4adb-5eda-42d1-b1b4-2382ef202f6b" testListId="8c84fa94-04c1-424b-9868-57a2d4851a1d" />
    <TestEntry testId="906463fa-1473-b08f-65ba-3e3bcf0a4d56" executionId="5e7c512e-701d-40e9-b732-c34ee8e9ed29" testListId="8c84fa94-04c1-424b-9868-57a2d4851a1d" />
    <TestEntry testId="3804649f-757c-e169-2e7f-cc167f0d2d4f" executionId="fe2d7e8a-89d5-4fc1-8891-afdf077b4541" testListId="8c84fa94-04c1-424b-9868-57a2d4851a1d" />
    <TestEntry testId="4a425653-2c29-4812-e390-ffd37b7dbb03" executionId="be424fec-54c3-4cf1-a2f5-20d5b53733ff" testListId="8c84fa94-04c1-424b-9868-57a2d4851a1d" />
    <TestEntry testId="e2f6d0b7-2699-7fe5-916f-6cb7a0a49ed2" executionId="9735c93c-b2c0-4364-be82-1b1475bdb0dc" testListId="8c84fa94-04c1-424b-9868-57a2d4851a1d" />
    <TestEntry testId="c76b2eda-0781-b8ce-67a0-620b1009c165" executionId="77b0e88c-77b9-462b-aff1-65c041cc78aa" testListId="8c84fa94-04c1-424b-9868-57a2d4851a1d" />
    <TestEntry testId="c4b3e335-4257-e746-ff7a-01f5b1232f49" executionId="c7a29bd3-a71b-4567-bdeb-8c364b9c0b6c" testListId="8c84fa94-04c1-424b-9868-57a2d4851a1d" />
    <TestEntry testId="1916295b-38ad-3f87-2954-8a4b31038470" executionId="0d21cb3d-0181-4837-88fe-8b0d97d216a3" testListId="8c84fa94-04c1-424b-9868-57a2d4851a1d" />
    <TestEntry testId="956719e8-a5de-f1b4-d6ec-2bdc6cb8a576" executionId="f1ed8b72-0aff-4e0b-8628-795069a51e09" testListId="8c84fa94-04c1-424b-9868-57a2d4851a1d" />
    <TestEntry testId="8f386137-e9c7-eb9d-abb3-45fa87475ec6" executionId="8dfed20b-1017-48b8-927f-36d616bc417e" testListId="8c84fa94-04c1-424b-9868-57a2d4851a1d" />
  </TestEntries>
  <Results>
    <UnitTestResult executionId="5e5c4adb-5eda-42d1-b1b4-2382ef202f6b" testId="31ab8f06-f213-a8ee-9894-61340a539892" testName="SetSepia" computerName="DL3293" duration="00:00:02.1941831" startTime="2017-02-06T09:53:02.0125842+00:00" endTime="2017-02-06T09:53:04.7687842+00:00" testType="13cdc9d9-ddb5-4fa4-a97d-d965ccfc6d4b" outcome="Passed" testListId="8c84fa94-04c1-424b-9868-57a2d4851a1d" relativeResultsDirectory="5e5c4adb-5eda-42d1-b1b4-2382ef202f6b">
    </UnitTestResult>
    <UnitTestResult executionId="5e7c512e-701d-40e9-b732-c34ee8e9ed29" testId="906463fa-1473-b08f-65ba-3e3bcf0a4d56" testName="InvertColors" computerName="DL3293" duration="00:00:03.9326137" startTime="2017-02-06T09:53:04.7767842+00:00" endTime="2017-02-06T09:53:08.7159840+00:00" testType="13cdc9d9-ddb5-4fa4-a97d-d965ccfc6d4b" outcome="Passed" testListId="8c84fa94-04c1-424b-9868-57a2d4851a1d" relativeResultsDirectory="5e7c512e-701d-40e9-b732-c34ee8e9ed29">
    </UnitTestResult>
    <UnitTestResult executionId="fe2d7e8a-89d5-4fc1-8891-afdf077b4541" testId="3804649f-757c-e169-2e7f-cc167f0d2d4f" testName="PolaroidColors" computerName="DL3293" duration="00:00:02.9460441" startTime="2017-02-06T09:53:08.7199840+00:00" endTime="2017-02-06T09:53:11.6721840+00:00" testType="13cdc9d9-ddb5-4fa4-a97d-d965ccfc6d4b" outcome="Passed" testListId="8c84fa94-04c1-424b-9868-57a2d4851a1d" relativeResultsDirectory="fe2d7e8a-89d5-4fc1-8891-afdf077b4541">
    </UnitTestResult>
    <UnitTestResult executionId="be424fec-54c3-4cf1-a2f5-20d5b53733ff" testId="4a425653-2c29-4812-e390-ffd37b7dbb03" testName="SaturationBy50" computerName="DL3293" duration="00:00:05.4039567" startTime="2017-02-06T09:53:11.6951840+00:00" endTime="2017-02-06T09:53:17.1055840+00:00" testType="13cdc9d9-ddb5-4fa4-a97d-d965ccfc6d4b" outcome="Passed" testListId="8c84fa94-04c1-424b-9868-57a2d4851a1d" relativeResultsDirectory="be424fec-54c3-4cf1-a2f5-20d5b53733ff">
    </UnitTestResult>
    <UnitTestResult executionId="9735c93c-b2c0-4364-be82-1b1475bdb0dc" testId="e2f6d0b7-2699-7fe5-916f-6cb7a0a49ed2" testName="ContrastBy50" computerName="DL3293" duration="00:00:06.0919077" startTime="2017-02-06T09:53:17.1095840+00:00" endTime="2017-02-06T09:53:23.2079840+00:00" testType="13cdc9d9-ddb5-4fa4-a97d-d965ccfc6d4b" outcome="Passed" testListId="8c84fa94-04c1-424b-9868-57a2d4851a1d" relativeResultsDirectory="9735c93c-b2c0-4364-be82-1b1475bdb0dc">
    </UnitTestResult>
    <UnitTestResult executionId="77b0e88c-77b9-462b-aff1-65c041cc78aa" testId="c76b2eda-0781-b8ce-67a0-620b1009c165" testName="BlackAndWhite" computerName="DL3293" duration="00:00:01.4211677" startTime="2017-02-06T09:53:23.2219840+00:00" endTime="2017-02-06T09:53:24.6499840+00:00" testType="13cdc9d9-ddb5-4fa4-a97d-d965ccfc6d4b" outcome="Passed" testListId="8c84fa94-04c1-424b-9868-57a2d4851a1d" relativeResultsDirectory="77b0e88c-77b9-462b-aff1-65c041cc78aa">
    </UnitTestResult>
    <UnitTestResult executionId="c7a29bd3-a71b-4567-bdeb-8c364b9c0b6c" testId="c4b3e335-4257-e746-ff7a-01f5b1232f49" testName="Grayscale" computerName="DL3293" duration="00:00:02.0598262" startTime="2017-02-06T09:53:24.6589840+00:00" endTime="2017-02-06T09:53:26.7261840+00:00" testType="13cdc9d9-ddb5-4fa4-a97d-d965ccfc6d4b" outcome="Passed" testListId="8c84fa94-04c1-424b-9868-57a2d4851a1d" relativeResultsDirectory="c7a29bd3-a71b-4567-bdeb-8c364b9c0b6c">
    </UnitTestResult>
    <UnitTestResult executionId="0d21cb3d-0181-4837-88fe-8b0d97d216a3" testId="1916295b-38ad-3f87-2954-8a4b31038470" testName="RGBTOBGR" computerName="DL3293" duration="00:00:01.0200000" startTime="2017-02-06T09:53:26.7301840+00:00" endTime="2017-02-06T09:53:27.7501840+00:00" testType="13cdc9d9-ddb5-4fa4-a97d-d965ccfc6d4b" outcome="Aborted" testListId="8c84fa94-04c1-424b-9868-57a2d4851a1d" relativeResultsDirectory="0d21cb3d-0181-4837-88fe-8b0d97d216a3">
    </UnitTestResult>
    <UnitTestResult executionId="f1ed8b72-0aff-4e0b-8628-795069a51e09" testId="956719e8-a5de-f1b4-d6ec-2bdc6cb8a576" testName="BulkAddTags" computerName="DL3293" testType="13cdc9d9-ddb5-4fa4-a97d-d965ccfc6d4b" outcome="NotExecuted" testListId="8c84fa94-04c1-424b-9868-57a2d4851a1d" relativeResultsDirectory="f1ed8b72-0aff-4e0b-8628-795069a51e09">
    </UnitTestResult>
    <UnitTestResult executionId="8dfed20b-1017-48b8-927f-36d616bc417e" testId="8f386137-e9c7-eb9d-abb3-45fa87475ec6" testName="BulkSortByDate" computerName="DL3293" testType="13cdc9d9-ddb5-4fa4-a97d-d965ccfc6d4b" outcome="NotExecuted" testListId="8c84fa94-04c1-424b-9868-57a2d4851a1d" relativeResultsDirectory="8dfed20b-1017-48b8-927f-36d616bc417e">
    </UnitTestResult>
  </Results>
</TestRun>