<?xml version="1.0" encoding="UTF-8"?>
<TestRun id="41e23ac6-f177-46d4-9673-2af2f221b606" name="sdolby15@DL3804 2017-02-09 12:08:09" runUser="DL3804\sdolby15" xmlns="http://microsoft.com/schemas/VisualStudio/TeamTest/2010">
  <TestSettings name="Local" id="56e0698d-10ba-4e00-8f16-8d755282be94">
    <Description>These are default test settings for a local test run.</Description>
    <Deployment enabled="false" runDeploymentRoot="sdolby15_DL3804 2017-02-09 12_08_09">
      <DeploymentItem filename="F:\SimonDolbyA2ProjectPhotoSorter\Unit Tests For Computing Project\ExifWorks.dll" />
    </Deployment>
    <Execution>
      <TestTypeSpecific />
      <AgentRule name="Execution Agents">
      </AgentRule>
    </Execution>
  </TestSettings>
  <Times creation="2017-02-09T12:08:09.3219504+00:00" queuing="2017-02-09T12:08:09.5119504+00:00" start="2017-02-09T12:08:09.5279504+00:00" finish="2017-02-09T12:08:17.9203580+00:00" />
  <ResultSummary outcome="Completed">
    <Counters total="1" executed="1" passed="1" error="0" failed="0" timeout="0" aborted="0" inconclusive="0" passedButRunAborted="0" notRunnable="0" notExecuted="0" disconnected="0" warning="0" completed="0" inProgress="0" pending="0" />
  </ResultSummary>
  <TestDefinitions>
    <UnitTest name="SharpenImage" storage="f:\simondolbya2projectphotosorter\unit tests for computing project\unit tests for computing project\bin\debug\unit tests for computing project.dll" id="f11cd6ce-bf20-1379-a7b3-c76703f15db0">
      <Execution id="f98f0011-5eb7-475e-bf53-a78c2c4cecc6" />
      <TestMethod codeBase="F:/SimonDolbyA2ProjectPhotoSorter/Unit Tests For Computing Project/Unit Tests For Computing Project/bin/Debug/Unit Tests For Computing Project.DLL" adapterTypeName="Microsoft.VisualStudio.TestTools.TestTypes.Unit.UnitTestAdapter, Microsoft.VisualStudio.QualityTools.Tips.UnitTest.Adapter, Version=10.0.0.0, Culture=neutral, PublicKeyToken=b03f5f7f11d50a3a" className="Unit_Tests_For_Computing_Project.ConvolutionTests, Unit Tests For Computing Project, Version=1.0.0.0, Culture=neutral, PublicKeyToken=null" name="SharpenImage" />
    </UnitTest>
  </TestDefinitions>
  <TestLists>
    <TestList name="Results Not in a List" id="8c84fa94-04c1-424b-9868-57a2d4851a1d" />
    <TestList name="All Loaded Results" id="19431567-8539-422a-85d7-44ee4e166bda" />
  </TestLists>
  <TestEntries>
    <TestEntry testId="f11cd6ce-bf20-1379-a7b3-c76703f15db0" executionId="f98f0011-5eb7-475e-bf53-a78c2c4cecc6" testListId="8c84fa94-04c1-424b-9868-57a2d4851a1d" />
  </TestEntries>
  <Results>
    <UnitTestResult executionId="f98f0011-5eb7-475e-bf53-a78c2c4cecc6" testId="f11cd6ce-bf20-1379-a7b3-c76703f15db0" testName="SharpenImage" computerName="DL3804" duration="00:00:08.1391435" startTime="2017-02-09T12:08:09.5419504+00:00" endTime="2017-02-09T12:08:17.8703504+00:00" testType="13cdc9d9-ddb5-4fa4-a97d-d965ccfc6d4b" outcome="Passed" testListId="8c84fa94-04c1-424b-9868-57a2d4851a1d" relativeResultsDirectory="f98f0011-5eb7-475e-bf53-a78c2c4cecc6">
    </UnitTestResult>
  </Results>
</TestRun>