<?xml version="1.0" encoding="UTF-8"?>
<TestRun id="18f25f38-5305-4c13-8346-5b0bcb55046b" name="sdolby15@DL3293 2017-02-13 09:58:59" runUser="DL3293\sdolby15" xmlns="http://microsoft.com/schemas/VisualStudio/TeamTest/2010">
  <TestSettings name="Local" id="56e0698d-10ba-4e00-8f16-8d755282be94">
    <Description>These are default test settings for a local test run.</Description>
    <Deployment enabled="false" runDeploymentRoot="sdolby15_DL3293 2017-02-13 09_58_59">
      <DeploymentItem filename="F:\SimonDolbyA2ProjectPhotoSorter\Unit Tests For Computing Project\ExifWorks.dll" />
    </Deployment>
    <Execution>
      <TestTypeSpecific />
      <AgentRule name="Execution Agents">
      </AgentRule>
    </Execution>
  </TestSettings>
  <Times creation="2017-02-13T09:58:59.0209942+00:00" queuing="2017-02-13T09:59:00.5070016+00:00" start="2017-02-13T09:59:00.5150032+00:00" finish="2017-02-13T09:59:04.0521942+00:00" />
  <ResultSummary outcome="Completed">
    <Counters total="3" executed="3" passed="3" error="0" failed="0" timeout="0" aborted="0" inconclusive="0" passedButRunAborted="0" notRunnable="0" notExecuted="0" disconnected="0" warning="0" completed="0" inProgress="0" pending="0" />
  </ResultSummary>
  <TestDefinitions>
    <UnitTest name="EmbossImage" storage="f:\simondolbya2projectphotosorter\unit tests for computing project\unit tests for computing project\bin\debug\unit tests for computing project.dll" id="bd6fb448-431c-cc6d-7efb-e532d7d801bb">
      <Execution id="c19ed911-72c9-40cb-aa17-2a504df0882e" />
      <TestMethod codeBase="F:/SimonDolbyA2ProjectPhotoSorter/Unit Tests For Computing Project/Unit Tests For Computing Project/bin/Debug/Unit Tests For Computing Project.DLL" adapterTypeName="Microsoft.VisualStudio.TestTools.TestTypes.Unit.UnitTestAdapter, Microsoft.VisualStudio.QualityTools.Tips.UnitTest.Adapter, Version=10.0.0.0, Culture=neutral, PublicKeyToken=b03f5f7f11d50a3a" className="Unit_Tests_For_Computing_Project.ConvolutionTests, Unit Tests For Computing Project, Version=1.0.0.0, Culture=neutral, PublicKeyToken=null" name="EmbossImage" />
    </UnitTest>
    <UnitTest name="SimpleEdgeDetectionImage" storage="f:\simondolbya2projectphotosorter\unit tests for computing project\unit tests for computing project\bin\debug\unit tests for computing project.dll" id="1bc707db-1076-7e5e-2590-df460a58a14c">
      <Execution id="c6a56dcb-d000-4c05-8fda-3e5a18c5e334" />
      <TestMethod codeBase="F:/SimonDolbyA2ProjectPhotoSorter/Unit Tests For Computing Project/Unit Tests For Computing Project/bin/Debug/Unit Tests For Computing Project.DLL" adapterTypeName="Microsoft.VisualStudio.TestTools.TestTypes.Unit.UnitTestAdapter, Microsoft.VisualStudio.QualityTools.Tips.UnitTest.Adapter, Version=10.0.0.0, Culture=neutral, PublicKeyToken=b03f5f7f11d50a3a" className="Unit_Tests_For_Computing_Project.ConvolutionTests, Unit Tests For Computing Project, Version=1.0.0.0, Culture=neutral, PublicKeyToken=null" name="SimpleEdgeDetectionImage" />
    </UnitTest>
    <UnitTest name="SharpenImage" storage="f:\simondolbya2projectphotosorter\unit tests for computing project\unit tests for computing project\bin\debug\unit tests for computing project.dll" id="f11cd6ce-bf20-1379-a7b3-c76703f15db0">
      <Execution id="7c2d60a6-35f9-4183-95dd-0e18c0e83457" />
      <TestMethod codeBase="F:/SimonDolbyA2ProjectPhotoSorter/Unit Tests For Computing Project/Unit Tests For Computing Project/bin/Debug/Unit Tests For Computing Project.DLL" adapterTypeName="Microsoft.VisualStudio.TestTools.TestTypes.Unit.UnitTestAdapter, Microsoft.VisualStudio.QualityTools.Tips.UnitTest.Adapter, Version=10.0.0.0, Culture=neutral, PublicKeyToken=b03f5f7f11d50a3a" className="Unit_Tests_For_Computing_Project.ConvolutionTests, Unit Tests For Computing Project, Version=1.0.0.0, Culture=neutral, PublicKeyToken=null" name="SharpenImage" />
    </UnitTest>
  </TestDefinitions>
  <TestLists>
    <TestList name="Results Not in a List" id="8c84fa94-04c1-424b-9868-57a2d4851a1d" />
    <TestList name="All Loaded Results" id="19431567-8539-422a-85d7-44ee4e166bda" />
  </TestLists>
  <TestEntries>
    <TestEntry testId="1bc707db-1076-7e5e-2590-df460a58a14c" executionId="c6a56dcb-d000-4c05-8fda-3e5a18c5e334" testListId="8c84fa94-04c1-424b-9868-57a2d4851a1d" />
    <TestEntry testId="bd6fb448-431c-cc6d-7efb-e532d7d801bb" executionId="c19ed911-72c9-40cb-aa17-2a504df0882e" testListId="8c84fa94-04c1-424b-9868-57a2d4851a1d" />
    <TestEntry testId="f11cd6ce-bf20-1379-a7b3-c76703f15db0" executionId="7c2d60a6-35f9-4183-95dd-0e18c0e83457" testListId="8c84fa94-04c1-424b-9868-57a2d4851a1d" />
  </TestEntries>
  <Results>
    <UnitTestResult executionId="c6a56dcb-d000-4c05-8fda-3e5a18c5e334" testId="1bc707db-1076-7e5e-2590-df460a58a14c" testName="SimpleEdgeDetectionImage" computerName="DL3293" duration="00:00:00.7858605" startTime="2017-02-13T09:59:00.5270056+00:00" endTime="2017-02-13T09:59:01.4661934+00:00" testType="13cdc9d9-ddb5-4fa4-a97d-d965ccfc6d4b" outcome="Passed" testListId="8c84fa94-04c1-424b-9868-57a2d4851a1d" relativeResultsDirectory="c6a56dcb-d000-4c05-8fda-3e5a18c5e334">
    </UnitTestResult>
    <UnitTestResult executionId="c19ed911-72c9-40cb-aa17-2a504df0882e" testId="bd6fb448-431c-cc6d-7efb-e532d7d801bb" testName="EmbossImage" computerName="DL3293" duration="00:00:01.1045552" startTime="2017-02-13T09:59:01.4711942+00:00" endTime="2017-02-13T09:59:02.5811942+00:00" testType="13cdc9d9-ddb5-4fa4-a97d-d965ccfc6d4b" outcome="Passed" testListId="8c84fa94-04c1-424b-9868-57a2d4851a1d" relativeResultsDirectory="c19ed911-72c9-40cb-aa17-2a504df0882e">
    </UnitTestResult>
    <UnitTestResult executionId="7c2d60a6-35f9-4183-95dd-0e18c0e83457" testId="f11cd6ce-bf20-1379-a7b3-c76703f15db0" testName="SharpenImage" computerName="DL3293" duration="00:00:01.4261765" startTime="2017-02-13T09:59:02.5851942+00:00" endTime="2017-02-13T09:59:04.0171942+00:00" testType="13cdc9d9-ddb5-4fa4-a97d-d965ccfc6d4b" outcome="Passed" testListId="8c84fa94-04c1-424b-9868-57a2d4851a1d" relativeResultsDirectory="7c2d60a6-35f9-4183-95dd-0e18c0e83457">
    </UnitTestResult>
  </Results>
</TestRun>