<?xml version="1.0" encoding="UTF-8"?>
<TestRun id="28cf2cac-34a8-46cf-b062-91d776290b7c" name="sdolby15@DL3293 2017-02-06 10:02:31" runUser="DL3293\sdolby15" xmlns="http://microsoft.com/schemas/VisualStudio/TeamTest/2010">
  <TestSettings name="Local" id="56e0698d-10ba-4e00-8f16-8d755282be94">
    <Description>These are default test settings for a local test run.</Description>
    <Deployment enabled="false" runDeploymentRoot="sdolby15_DL3293 2017-02-06 10_02_31">
      <DeploymentItem filename="F:\SimonDolbyA2ProjectPhotoSorter\Unit Tests For Computing Project\ExifWorks.dll" />
    </Deployment>
    <Execution>
      <TestTypeSpecific />
      <AgentRule name="Execution Agents">
      </AgentRule>
    </Execution>
  </TestSettings>
  <Times creation="2017-02-06T10:02:31.7217902+00:00" queuing="2017-02-06T10:02:32.2198898+00:00" start="2017-02-06T10:02:32.2478954+00:00" finish="2017-02-06T10:03:14.0451812+00:00" />
  <ResultSummary outcome="Completed">
    <Counters total="10" executed="10" passed="10" error="0" failed="0" timeout="0" aborted="0" inconclusive="0" passedButRunAborted="0" notRunnable="0" notExecuted="0" disconnected="0" warning="0" completed="0" inProgress="0" pending="0" />
  </ResultSummary>
  <TestDefinitions>
    <UnitTest name="RGBTOBGR" storage="f:\simondolbya2projectphotosorter\unit tests for computing project\unit tests for computing project\bin\debug\unit tests for computing project.dll" id="1916295b-38ad-3f87-2954-8a4b31038470">
      <Execution id="ba247135-bc58-4965-b702-231b02fa6aa0" />
      <TestMethod codeBase="F:/SimonDolbyA2ProjectPhotoSorter/Unit Tests For Computing Project/Unit Tests For Computing Project/bin/Debug/Unit Tests For Computing Project.DLL" adapterTypeName="Microsoft.VisualStudio.TestTools.TestTypes.Unit.UnitTestAdapter, Microsoft.VisualStudio.QualityTools.Tips.UnitTest.Adapter, Version=10.0.0.0, Culture=neutral, PublicKeyToken=b03f5f7f11d50a3a" className="Unit_Tests_For_Computing_Project.ImageManipulation, Unit Tests For Computing Project, Version=1.0.0.0, Culture=neutral, PublicKeyToken=null" name="RGBTOBGR" />
    </UnitTest>
    <UnitTest name="PolaroidColors" storage="f:\simondolbya2projectphotosorter\unit tests for computing project\unit tests for computing project\bin\debug\unit tests for computing project.dll" id="3804649f-757c-e169-2e7f-cc167f0d2d4f">
      <Execution id="a0c9da46-db3b-4404-82bb-4fc118f5f351" />
      <TestMethod codeBase="F:/SimonDolbyA2ProjectPhotoSorter/Unit Tests For Computing Project/Unit Tests For Computing Project/bin/Debug/Unit Tests For Computing Project.DLL" adapterTypeName="Microsoft.VisualStudio.TestTools.TestTypes.Unit.UnitTestAdapter, Microsoft.VisualStudio.QualityTools.Tips.UnitTest.Adapter, Version=10.0.0.0, Culture=neutral, PublicKeyToken=b03f5f7f11d50a3a" className="Unit_Tests_For_Computing_Project.ImageManipulation, Unit Tests For Computing Project, Version=1.0.0.0, Culture=neutral, PublicKeyToken=null" name="PolaroidColors" />
    </UnitTest>
    <UnitTest name="BulkAddTags" storage="f:\simondolbya2projectphotosorter\unit tests for computing project\unit tests for computing project\bin\debug\unit tests for computing project.dll" id="956719e8-a5de-f1b4-d6ec-2bdc6cb8a576">
      <Execution id="16e73c09-f8e7-4d6b-8774-aca109ae371b" />
      <TestMethod codeBase="F:/SimonDolbyA2ProjectPhotoSorter/Unit Tests For Computing Project/Unit Tests For Computing Project/bin/Debug/Unit Tests For Computing Project.DLL" adapterTypeName="Microsoft.VisualStudio.TestTools.TestTypes.Unit.UnitTestAdapter, Microsoft.VisualStudio.QualityTools.Tips.UnitTest.Adapter, Version=10.0.0.0, Culture=neutral, PublicKeyToken=b03f5f7f11d50a3a" className="Unit_Tests_For_Computing_Project.MetaDataTests, Unit Tests For Computing Project, Version=1.0.0.0, Culture=neutral, PublicKeyToken=null" name="BulkAddTags" />
    </UnitTest>
    <UnitTest name="ContrastBy50" storage="f:\simondolbya2projectphotosorter\unit tests for computing project\unit tests for computing project\bin\debug\unit tests for computing project.dll" id="e2f6d0b7-2699-7fe5-916f-6cb7a0a49ed2">
      <Execution id="3f7f51bd-0a24-40c7-8ff1-f49229132b8f" />
      <TestMethod codeBase="F:/SimonDolbyA2ProjectPhotoSorter/Unit Tests For Computing Project/Unit Tests For Computing Project/bin/Debug/Unit Tests For Computing Project.DLL" adapterTypeName="Microsoft.VisualStudio.TestTools.TestTypes.Unit.UnitTestAdapter, Microsoft.VisualStudio.QualityTools.Tips.UnitTest.Adapter, Version=10.0.0.0, Culture=neutral, PublicKeyToken=b03f5f7f11d50a3a" className="Unit_Tests_For_Computing_Project.ImageManipulation, Unit Tests For Computing Project, Version=1.0.0.0, Culture=neutral, PublicKeyToken=null" name="ContrastBy50" />
    </UnitTest>
    <UnitTest name="BlackAndWhite" storage="f:\simondolbya2projectphotosorter\unit tests for computing project\unit tests for computing project\bin\debug\unit tests for computing project.dll" id="c76b2eda-0781-b8ce-67a0-620b1009c165">
      <Execution id="a1e2f160-7469-41df-8bb7-6a67e37976c9" />
      <TestMethod codeBase="F:/SimonDolbyA2ProjectPhotoSorter/Unit Tests For Computing Project/Unit Tests For Computing Project/bin/Debug/Unit Tests For Computing Project.DLL" adapterTypeName="Microsoft.VisualStudio.TestTools.TestTypes.Unit.UnitTestAdapter, Microsoft.VisualStudio.QualityTools.Tips.UnitTest.Adapter, Version=10.0.0.0, Culture=neutral, PublicKeyToken=b03f5f7f11d50a3a" className="Unit_Tests_For_Computing_Project.ImageManipulation, Unit Tests For Computing Project, Version=1.0.0.0, Culture=neutral, PublicKeyToken=null" name="BlackAndWhite" />
    </UnitTest>
    <UnitTest name="BulkSortByDate" storage="f:\simondolbya2projectphotosorter\unit tests for computing project\unit tests for computing project\bin\debug\unit tests for computing project.dll" id="8f386137-e9c7-eb9d-abb3-45fa87475ec6">
      <Execution id="a3ab23a0-4c92-4b1c-93d8-a40ce4e282d1" />
      <TestMethod codeBase="F:/SimonDolbyA2ProjectPhotoSorter/Unit Tests For Computing Project/Unit Tests For Computing Project/bin/Debug/Unit Tests For Computing Project.DLL" adapterTypeName="Microsoft.VisualStudio.TestTools.TestTypes.Unit.UnitTestAdapter, Microsoft.VisualStudio.QualityTools.Tips.UnitTest.Adapter, Version=10.0.0.0, Culture=neutral, PublicKeyToken=b03f5f7f11d50a3a" className="Unit_Tests_For_Computing_Project.MetaDataTests, Unit Tests For Computing Project, Version=1.0.0.0, Culture=neutral, PublicKeyToken=null" name="BulkSortByDate" />
    </UnitTest>
    <UnitTest name="Grayscale" storage="f:\simondolbya2projectphotosorter\unit tests for computing project\unit tests for computing project\bin\debug\unit tests for computing project.dll" id="c4b3e335-4257-e746-ff7a-01f5b1232f49">
      <Execution id="7a9d3213-49c7-400f-a60d-177700e44192" />
      <TestMethod codeBase="F:/SimonDolbyA2ProjectPhotoSorter/Unit Tests For Computing Project/Unit Tests For Computing Project/bin/Debug/Unit Tests For Computing Project.DLL" adapterTypeName="Microsoft.VisualStudio.TestTools.TestTypes.Unit.UnitTestAdapter, Microsoft.VisualStudio.QualityTools.Tips.UnitTest.Adapter, Version=10.0.0.0, Culture=neutral, PublicKeyToken=b03f5f7f11d50a3a" className="Unit_Tests_For_Computing_Project.ImageManipulation, Unit Tests For Computing Project, Version=1.0.0.0, Culture=neutral, PublicKeyToken=null" name="Grayscale" />
    </UnitTest>
    <UnitTest name="SaturationBy50" storage="f:\simondolbya2projectphotosorter\unit tests for computing project\unit tests for computing project\bin\debug\unit tests for computing project.dll" id="4a425653-2c29-4812-e390-ffd37b7dbb03">
      <Execution id="8eb66c59-4166-4798-a23d-f3d38d47cb90" />
      <TestMethod codeBase="F:/SimonDolbyA2ProjectPhotoSorter/Unit Tests For Computing Project/Unit Tests For Computing Project/bin/Debug/Unit Tests For Computing Project.DLL" adapterTypeName="Microsoft.VisualStudio.TestTools.TestTypes.Unit.UnitTestAdapter, Microsoft.VisualStudio.QualityTools.Tips.UnitTest.Adapter, Version=10.0.0.0, Culture=neutral, PublicKeyToken=b03f5f7f11d50a3a" className="Unit_Tests_For_Computing_Project.ImageManipulation, Unit Tests For Computing Project, Version=1.0.0.0, Culture=neutral, PublicKeyToken=null" name="SaturationBy50" />
    </UnitTest>
    <UnitTest name="SetSepia" storage="f:\simondolbya2projectphotosorter\unit tests for computing project\unit tests for computing project\bin\debug\unit tests for computing project.dll" id="31ab8f06-f213-a8ee-9894-61340a539892">
      <Execution id="1fbd8d79-b3ea-4689-913b-3a3504db26cc" />
      <TestMethod codeBase="F:/SimonDolbyA2ProjectPhotoSorter/Unit Tests For Computing Project/Unit Tests For Computing Project/bin/Debug/Unit Tests For Computing Project.DLL" adapterTypeName="Microsoft.VisualStudio.TestTools.TestTypes.Unit.UnitTestAdapter, Microsoft.VisualStudio.QualityTools.Tips.UnitTest.Adapter, Version=10.0.0.0, Culture=neutral, PublicKeyToken=b03f5f7f11d50a3a" className="Unit_Tests_For_Computing_Project.ImageManipulation, Unit Tests For Computing Project, Version=1.0.0.0, Culture=neutral, PublicKeyToken=null" name="SetSepia" />
    </UnitTest>
    <UnitTest name="InvertColors" storage="f:\simondolbya2projectphotosorter\unit tests for computing project\unit tests for computing project\bin\debug\unit tests for computing project.dll" id="906463fa-1473-b08f-65ba-3e3bcf0a4d56">
      <Execution id="52c19754-7aba-40f5-be81-7a0be2cd1224" />
      <TestMethod codeBase="F:/SimonDolbyA2ProjectPhotoSorter/Unit Tests For Computing Project/Unit Tests For Computing Project/bin/Debug/Unit Tests For Computing Project.DLL" adapterTypeName="Microsoft.VisualStudio.TestTools.TestTypes.Unit.UnitTestAdapter, Microsoft.VisualStudio.QualityTools.Tips.UnitTest.Adapter, Version=10.0.0.0, Culture=neutral, PublicKeyToken=b03f5f7f11d50a3a" className="Unit_Tests_For_Computing_Project.ImageManipulation, Unit Tests For Computing Project, Version=1.0.0.0, Culture=neutral, PublicKeyToken=null" name="InvertColors" />
    </UnitTest>
  </TestDefinitions>
  <TestLists>
    <TestList name="Results Not in a List" id="8c84fa94-04c1-424b-9868-57a2d4851a1d" />
    <TestList name="All Loaded Results" id="19431567-8539-422a-85d7-44ee4e166bda" />
  </TestLists>
  <TestEntries>
    <TestEntry testId="31ab8f06-f213-a8ee-9894-61340a539892" executionId="1fbd8d79-b3ea-4689-913b-3a3504db26cc" testListId="8c84fa94-04c1-424b-9868-57a2d4851a1d" />
    <TestEntry testId="906463fa-1473-b08f-65ba-3e3bcf0a4d56" executionId="52c19754-7aba-40f5-be81-7a0be2cd1224" testListId="8c84fa94-04c1-424b-9868-57a2d4851a1d" />
    <TestEntry testId="3804649f-757c-e169-2e7f-cc167f0d2d4f" executionId="a0c9da46-db3b-4404-82bb-4fc118f5f351" testListId="8c84fa94-04c1-424b-9868-57a2d4851a1d" />
    <TestEntry testId="4a425653-2c29-4812-e390-ffd37b7dbb03" executionId="8eb66c59-4166-4798-a23d-f3d38d47cb90" testListId="8c84fa94-04c1-424b-9868-57a2d4851a1d" />
    <TestEntry testId="e2f6d0b7-2699-7fe5-916f-6cb7a0a49ed2" executionId="3f7f51bd-0a24-40c7-8ff1-f49229132b8f" testListId="8c84fa94-04c1-424b-9868-57a2d4851a1d" />
    <TestEntry testId="c76b2eda-0781-b8ce-67a0-620b1009c165" executionId="a1e2f160-7469-41df-8bb7-6a67e37976c9" testListId="8c84fa94-04c1-424b-9868-57a2d4851a1d" />
    <TestEntry testId="c4b3e335-4257-e746-ff7a-01f5b1232f49" executionId="7a9d3213-49c7-400f-a60d-177700e44192" testListId="8c84fa94-04c1-424b-9868-57a2d4851a1d" />
    <TestEntry testId="1916295b-38ad-3f87-2954-8a4b31038470" executionId="ba247135-bc58-4965-b702-231b02fa6aa0" testListId="8c84fa94-04c1-424b-9868-57a2d4851a1d" />
    <TestEntry testId="956719e8-a5de-f1b4-d6ec-2bdc6cb8a576" executionId="16e73c09-f8e7-4d6b-8774-aca109ae371b" testListId="8c84fa94-04c1-424b-9868-57a2d4851a1d" />
    <TestEntry testId="8f386137-e9c7-eb9d-abb3-45fa87475ec6" executionId="a3ab23a0-4c92-4b1c-93d8-a40ce4e282d1" testListId="8c84fa94-04c1-424b-9868-57a2d4851a1d" />
  </TestEntries>
  <Results>
    <UnitTestResult executionId="1fbd8d79-b3ea-4689-913b-3a3504db26cc" testId="31ab8f06-f213-a8ee-9894-61340a539892" testName="SetSepia" computerName="DL3293" duration="00:00:02.1592038" startTime="2017-02-06T10:02:32.2929044+00:00" endTime="2017-02-06T10:02:35.0489812+00:00" testType="13cdc9d9-ddb5-4fa4-a97d-d965ccfc6d4b" outcome="Passed" testListId="8c84fa94-04c1-424b-9868-57a2d4851a1d" relativeResultsDirectory="1fbd8d79-b3ea-4689-913b-3a3504db26cc">
    </UnitTestResult>
    <UnitTestResult executionId="52c19754-7aba-40f5-be81-7a0be2cd1224" testId="906463fa-1473-b08f-65ba-3e3bcf0a4d56" testName="InvertColors" computerName="DL3293" duration="00:00:04.1414681" startTime="2017-02-06T10:02:35.0709812+00:00" endTime="2017-02-06T10:02:39.2191812+00:00" testType="13cdc9d9-ddb5-4fa4-a97d-d965ccfc6d4b" outcome="Passed" testListId="8c84fa94-04c1-424b-9868-57a2d4851a1d" relativeResultsDirectory="52c19754-7aba-40f5-be81-7a0be2cd1224">
    </UnitTestResult>
    <UnitTestResult executionId="a0c9da46-db3b-4404-82bb-4fc118f5f351" testId="3804649f-757c-e169-2e7f-cc167f0d2d4f" testName="PolaroidColors" computerName="DL3293" duration="00:00:09.1856360" startTime="2017-02-06T10:02:39.2241812+00:00" endTime="2017-02-06T10:02:48.4167812+00:00" testType="13cdc9d9-ddb5-4fa4-a97d-d965ccfc6d4b" outcome="Passed" testListId="8c84fa94-04c1-424b-9868-57a2d4851a1d" relativeResultsDirectory="a0c9da46-db3b-4404-82bb-4fc118f5f351">
    </UnitTestResult>
    <UnitTestResult executionId="8eb66c59-4166-4798-a23d-f3d38d47cb90" testId="4a425653-2c29-4812-e390-ffd37b7dbb03" testName="SaturationBy50" computerName="DL3293" duration="00:00:05.5129307" startTime="2017-02-06T10:02:48.4217812+00:00" endTime="2017-02-06T10:02:53.9409812+00:00" testType="13cdc9d9-ddb5-4fa4-a97d-d965ccfc6d4b" outcome="Passed" testListId="8c84fa94-04c1-424b-9868-57a2d4851a1d" relativeResultsDirectory="8eb66c59-4166-4798-a23d-f3d38d47cb90">
    </UnitTestResult>
    <UnitTestResult executionId="3f7f51bd-0a24-40c7-8ff1-f49229132b8f" testId="e2f6d0b7-2699-7fe5-916f-6cb7a0a49ed2" testName="ContrastBy50" computerName="DL3293" duration="00:00:02.8546718" startTime="2017-02-06T10:02:53.9449812+00:00" endTime="2017-02-06T10:02:56.8061812+00:00" testType="13cdc9d9-ddb5-4fa4-a97d-d965ccfc6d4b" outcome="Passed" testListId="8c84fa94-04c1-424b-9868-57a2d4851a1d" relativeResultsDirectory="3f7f51bd-0a24-40c7-8ff1-f49229132b8f">
    </UnitTestResult>
    <UnitTestResult executionId="a1e2f160-7469-41df-8bb7-6a67e37976c9" testId="c76b2eda-0781-b8ce-67a0-620b1009c165" testName="BlackAndWhite" computerName="DL3293" duration="00:00:01.3442621" startTime="2017-02-06T10:02:56.8111812+00:00" endTime="2017-02-06T10:02:58.1612780+00:00" testType="13cdc9d9-ddb5-4fa4-a97d-d965ccfc6d4b" outcome="Passed" testListId="8c84fa94-04c1-424b-9868-57a2d4851a1d" relativeResultsDirectory="a1e2f160-7469-41df-8bb7-6a67e37976c9">
    </UnitTestResult>
    <UnitTestResult executionId="7a9d3213-49c7-400f-a60d-177700e44192" testId="c4b3e335-4257-e746-ff7a-01f5b1232f49" testName="Grayscale" computerName="DL3293" duration="00:00:01.6461702" startTime="2017-02-06T10:02:58.1662790+00:00" endTime="2017-02-06T10:02:59.8183812+00:00" testType="13cdc9d9-ddb5-4fa4-a97d-d965ccfc6d4b" outcome="Passed" testListId="8c84fa94-04c1-424b-9868-57a2d4851a1d" relativeResultsDirectory="7a9d3213-49c7-400f-a60d-177700e44192">
    </UnitTestResult>
    <UnitTestResult executionId="ba247135-bc58-4965-b702-231b02fa6aa0" testId="1916295b-38ad-3f87-2954-8a4b31038470" testName="RGBTOBGR" computerName="DL3293" duration="00:00:04.1665459" startTime="2017-02-06T10:02:59.8223812+00:00" endTime="2017-02-06T10:03:03.9955812+00:00" testType="13cdc9d9-ddb5-4fa4-a97d-d965ccfc6d4b" outcome="Passed" testListId="8c84fa94-04c1-424b-9868-57a2d4851a1d" relativeResultsDirectory="ba247135-bc58-4965-b702-231b02fa6aa0">
    </UnitTestResult>
    <UnitTestResult executionId="16e73c09-f8e7-4d6b-8774-aca109ae371b" testId="956719e8-a5de-f1b4-d6ec-2bdc6cb8a576" testName="BulkAddTags" computerName="DL3293" duration="00:00:09.9013848" startTime="2017-02-06T10:03:04.0055812+00:00" endTime="2017-02-06T10:03:13.9171812+00:00" testType="13cdc9d9-ddb5-4fa4-a97d-d965ccfc6d4b" outcome="Passed" testListId="8c84fa94-04c1-424b-9868-57a2d4851a1d" relativeResultsDirectory="16e73c09-f8e7-4d6b-8774-aca109ae371b">
    </UnitTestResult>
    <UnitTestResult executionId="a3ab23a0-4c92-4b1c-93d8-a40ce4e282d1" testId="8f386137-e9c7-eb9d-abb3-45fa87475ec6" testName="BulkSortByDate" computerName="DL3293" duration="00:00:00.0001557" startTime="2017-02-06T10:03:13.9271812+00:00" endTime="2017-02-06T10:03:13.9351812+00:00" testType="13cdc9d9-ddb5-4fa4-a97d-d965ccfc6d4b" outcome="Passed" testListId="8c84fa94-04c1-424b-9868-57a2d4851a1d" relativeResultsDirectory="a3ab23a0-4c92-4b1c-93d8-a40ce4e282d1">
    </UnitTestResult>
  </Results>
</TestRun>