<?xml version="1.0" encoding="UTF-8"?>
<TestRun id="fd2311a2-0bd3-489e-8e03-c040cac129ef" name="Simon@DEMENTIA 2017-02-22 11:05:12" runUser="Dementia\Simon" xmlns="http://microsoft.com/schemas/VisualStudio/TeamTest/2010">
  <TestSettings name="Local" id="56e0698d-10ba-4e00-8f16-8d755282be94">
    <Description>These are default test settings for a local test run.</Description>
    <Deployment enabled="false" runDeploymentRoot="Simon_DEMENTIA 2017-02-22 11_05_12">
      <DeploymentItem filename="C:\Users\Simon\Documents\SimonDolbyA2ProjectPhotoSorter\Unit Tests For Computing Project\ExifWorks.dll" />
    </Deployment>
    <Execution>
      <TestTypeSpecific />
      <AgentRule name="Execution Agents">
      </AgentRule>
    </Execution>
  </TestSettings>
  <Times creation="2017-02-22T11:05:12.0081464+00:00" queuing="2017-02-22T11:05:12.0201483+00:00" start="2017-02-22T11:05:12.0281492+00:00" finish="2017-02-22T11:05:26.0608068+00:00" />
  <ResultSummary outcome="Completed">
    <Counters total="1" executed="1" passed="1" error="0" failed="0" timeout="0" aborted="0" inconclusive="0" passedButRunAborted="0" notRunnable="0" notExecuted="0" disconnected="0" warning="0" completed="0" inProgress="0" pending="0" />
  </ResultSummary>
  <TestDefinitions>
    <UnitTest name="BulkSortByDate" storage="c:\users\simon\documents\simondolbya2projectphotosorter\unit tests for computing project\unit tests for computing project\bin\debug\unit tests for computing project.dll" id="8f386137-e9c7-eb9d-abb3-45fa87475ec6">
      <Execution id="ab5c69db-8dd7-4fc7-bacc-90666884dad7" />
      <TestMethod codeBase="C:/Users/Simon/Documents/SimonDolbyA2ProjectPhotoSorter/Unit Tests For Computing Project/Unit Tests For Computing Project/bin/Debug/Unit Tests For Computing Project.DLL" adapterTypeName="Microsoft.VisualStudio.TestTools.TestTypes.Unit.UnitTestAdapter, Microsoft.VisualStudio.QualityTools.Tips.UnitTest.Adapter, Version=10.0.0.0, Culture=neutral, PublicKeyToken=b03f5f7f11d50a3a" className="Unit_Tests_For_Computing_Project.MetaDataTests, Unit Tests For Computing Project, Version=1.0.0.0, Culture=neutral, PublicKeyToken=null" name="BulkSortByDate" />
    </UnitTest>
  </TestDefinitions>
  <TestLists>
    <TestList name="Results Not in a List" id="8c84fa94-04c1-424b-9868-57a2d4851a1d" />
    <TestList name="All Loaded Results" id="19431567-8539-422a-85d7-44ee4e166bda" />
  </TestLists>
  <TestEntries>
    <TestEntry testId="8f386137-e9c7-eb9d-abb3-45fa87475ec6" executionId="ab5c69db-8dd7-4fc7-bacc-90666884dad7" testListId="8c84fa94-04c1-424b-9868-57a2d4851a1d" />
  </TestEntries>
  <Results>
    <UnitTestResult executionId="ab5c69db-8dd7-4fc7-bacc-90666884dad7" testId="8f386137-e9c7-eb9d-abb3-45fa87475ec6" testName="BulkSortByDate" computerName="DEMENTIA" duration="00:00:13.6578542" startTime="2017-02-22T11:05:12.0476515+00:00" endTime="2017-02-22T11:05:25.9982949+00:00" testType="13cdc9d9-ddb5-4fa4-a97d-d965ccfc6d4b" outcome="Passed" testListId="8c84fa94-04c1-424b-9868-57a2d4851a1d" relativeResultsDirectory="ab5c69db-8dd7-4fc7-bacc-90666884dad7">
    </UnitTestResult>
  </Results>
</TestRun>